exports[`<AttributionButton /> renders correctly 1`] = `
<View
  accessibilityComponentType={undefined}
  accessibilityLabel={undefined}
  accessibilityTraits={undefined}
  accessible={true}
  hitSlop={undefined}
  onLayout={undefined}
  onResponderGrant={[Function]}
  onResponderMove={[Function]}
  onResponderRelease={[Function]}
  onResponderTerminate={[Function]}
  onResponderTerminationRequest={[Function]}
  onStartShouldSetResponder={[Function]}
  style={
    Object {
      "height": 20,
      "marginHorizontal": 4,
      "opacity": 1,
      "position": "relative",
      "width": 20,
    }
  }
  testID={undefined}>
  <Image
    source={1}
    style={
      Array [
        Object {
          "height": 20,
          "width": 20,
        },
        undefined,
      ]
    } />
</View>
`;
